// Jest Snapshot v1, https://goo.gl/fbAQLP

exports[`AboutUs should render AboutUs 1`] = `"Component"`;
