// Jest Snapshot v1, https://goo.gl/fbAQLP

exports[`ButtonLink should render ButtonLink 1`] = `"Component"`;
