// Jest Snapshot v1, https://goo.gl/fbAQLP

exports[`CalendyButton should render CalendyButton 1`] = `"Component"`;
