// Jest Snapshot v1, https://goo.gl/fbAQLP

exports[`ContactForm should render ContactForm 1`] = `"Component"`;
