// Jest Snapshot v1, https://goo.gl/fbAQLP

exports[`Contact should render Contact 1`] = `"Component"`;
