// Jest Snapshot v1, https://goo.gl/fbAQLP

exports[`FaqServices should render FaqServices 1`] = `"Component"`;
