// Jest Snapshot v1, https://goo.gl/fbAQLP

exports[`GetStarted should render GetStarted 1`] = `"Component"`;
