// Jest Snapshot v1, https://goo.gl/fbAQLP

exports[`HmServices should render HmServices 1`] = `"Component"`;
