// Jest Snapshot v1, https://goo.gl/fbAQLP

exports[`MajorSigns should render MajorSigns 1`] = `"Component"`;
