// Jest Snapshot v1, https://goo.gl/fbAQLP

exports[`MissionStatement should render MissionStatement 1`] = `"Component"`;
