// Jest Snapshot v1, https://goo.gl/fbAQLP

exports[`NotFound should render NotFound 1`] = `"Component"`;
