// Jest Snapshot v1, https://goo.gl/fbAQLP

exports[`Questions should render Questions 1`] = `"Component"`;
