// Jest Snapshot v1, https://goo.gl/fbAQLP

exports[`Resources should render Resources 1`] = `"Component"`;
