// Jest Snapshot v1, https://goo.gl/fbAQLP

exports[`ServicesOffered should render ServicesOffered 1`] = `"Component"`;
