// Jest Snapshot v1, https://goo.gl/fbAQLP

exports[`ServicesMain should render ServicesMain 1`] = `"Component"`;
