// Jest Snapshot v1, https://goo.gl/fbAQLP

exports[`ServiceInfo should render ServiceInfo 1`] = `"Component"`;
