// Jest Snapshot v1, https://goo.gl/fbAQLP

exports[`Portfolio should render Portfolio 1`] = `"Component"`;
