// Jest Snapshot v1, https://goo.gl/fbAQLP

exports[`WhatWeDo should render WhatWeDo 1`] = `"Component"`;
