// Jest Snapshot v1, https://goo.gl/fbAQLP

exports[`WhoWeAre should render WhoWeAre 1`] = `"Component"`;
